<html>
<body>
<pre>
<h1>µVision Build Log</h1>
<h2>Tool Versions:</h2>
IDE-Version: ¦ÌVision V5.36.0.0
Copyright (C) 2021 ARM Ltd and ARM Germany GmbH. All rights reserved.
License Information: 4 Administrator, 4, LIC=Z3C6R-KWZFP-E0AN4-FC4GX-G29W0-XYLNH
 
Tool Versions:
Toolchain:       MDK-ARM Professional  Version: 5.36.0.0
Toolchain Path:  C:\Keil_v5\ARM\ARMCLANG\Bin
C Compiler:      ArmClang.exe V6.16
Assembler:       Armasm.exe V6.16
Linker/Locator:  ArmLink.exe V6.16
Library Manager: ArmAr.exe V6.16
Hex Converter:   FromElf.exe V6.16
CPU DLL:         SARMCM3.DLL V5.36.0.0
Dialog DLL:      DCM.DLL V1.17.3.0
Target DLL:      CMSIS_AGDI.dll V1.33.0.0
Dialog DLL:      TCM.DLL V1.53.0.0
 
<h2>Project:</h2>
C:\Users\Administrator\Desktop\smartcar2022-master\RT1064_RTT\Project\MDK\RT106X.uvprojx
Project File Date:  02/20/2024

<h2>Output:</h2>
*** Using Compiler 'V6.16', folder: 'C:\Keil_v5\ARM\ARMCLANG\Bin'
Rebuild target 'nor_sdram_zf_dtcm_v6'
compiling pin_mux.c...
compiling serial_port_uart.c...
compiling system_MIMXRT1064.c...
compiling fsl_adc_etc.c...
compiling lpuart_adapter.c...
compiling generic_list.c...
compiling clock_config.c...
compiling fsl_adc.c...
compiling serial_manager.c...
compiling board.c...
compiling fsl_os_abstraction_bm.c...
compiling fsl_aipstz.c...
compiling fsl_bee.c...
compiling fsl_aoi.c...
compiling fsl_dmamux.c...
compiling fsl_common.c...
compiling fsl_cache.c...
compiling fsl_csi.c...
compiling fsl_cmp.c...
compiling fsl_dcdc.c...
compiling fsl_clock.c...
compiling fsl_dcp.c...
compiling fsl_elcdif.c...
compiling fsl_ewm.c...
compiling fsl_enc.c...
compiling fsl_edma.c...
compiling fsl_flexio.c...
compiling fsl_flexio_camera.c...
compiling fsl_flexio_i2s_edma.c...
compiling fsl_enet.c...
compiling fsl_flexio_i2c_master.c...
compiling fsl_flexio_spi_edma.c...
compiling fsl_flexio_i2s.c...
compiling fsl_flexram.c...
compiling fsl_flexio_spi.c...
compiling fsl_flexio_uart_edma.c...
compiling fsl_flexio_uart.c...
compiling fsl_gpc.c...
compiling fsl_gpio.c...
compiling fsl_flexspi.c...
compiling fsl_gpt.c...
compiling fsl_kpp.c...
compiling fsl_lpi2c_edma.c...
compiling fsl_flexcan.c...
compiling fsl_pit.c...
compiling fsl_lpuart_edma.c...
compiling fsl_pmu.c...
compiling fsl_lpspi_edma.c...
compiling fsl_pxp.c...
compiling fsl_pwm.c...
compiling fsl_lpspi.c...
compiling fsl_lpi2c.c...
compiling fsl_lpuart.c...
compiling fsl_qtmr.c...
compiling fsl_rtwdog.c...
compiling fsl_sai_edma.c...
compiling fsl_snvs_hp.c...
compiling fsl_src.c...
compiling fsl_snvs_lp.c...
compiling fsl_spdif_edma.c...
compiling fsl_tempmon.c...
compiling fsl_spdif.c...
compiling fsl_tsc.c...
compiling fsl_trng.c...
compiling fsl_semc.c...
compiling fsl_wdog.c...
compiling ffsystem.c...
compiling fsl_xbarb.c...
compiling fsl_xbara.c...
compiling ffunicode.c...
compiling fsl_ocotp.c...
compiling diskio.c...
compiling fsl_sai.c...
compiling fsl_sd_disk.c...
compiling fsl_sdmmc_event.c...
compiling fsl_usdhc.c...
compiling fsl_sdmmc_host.c...
compiling fsl_sdmmc_common.c...
compiling zf_adc.c...
compiling zf_csi.c...
compiling zf_camera.c...
compiling zf_flash.c...
compiling fsl_sd.c...
compiling zf_gpio.c...
compiling fsl_sdio.c...
compiling zf_iic.c...
compiling zf_pit.c...
compiling zf_pwm.c...
compiling fsl_mmc.c...
compiling zf_qtimer.c...
compiling zf_spi.c...
compiling zf_rom_api.c...
compiling zf_vector.c...
compiling zf_uart.c...
compiling common.c...
compiling zf_systick.c...
compiling zf_iomuxc.c...
compiling zf_sdcard.c...
compiling ff.c...
compiling zf_usb_cdc.c...
compiling SEEKFREE_FUN.c...
compiling SEEKFREE_FONT.c...
compiling SEEKFREE_IIC.c...
compiling SEEKFREE_ICM20602.c...
compiling SEEKFREE_L3G4200D.c...
compiling SEEKFREE_MMA8451.c...
compiling SEEKFREE_PRINTF.c...
compiling SEEKFREE_18TFT.c...
compiling SEEKFREE_MPU6050.c...
compiling SEEKFREE_NRF24L01.c...
compiling SEEKFREE_WIRELESS.c...
compiling SEEKFREE_VIRSCO.c...
compiling SEEKFREE_W25QXXJV.c...
compiling SEEKFREE_MT9V03X_CSI.c...
compiling SEEKFREE_OLED.c...
compiling SEEKFREE_SCC8660.c...
assembling startup_MIMXRT1064.s...
compiling SEEKFREE_SCC8660_CSI.c...
compiling SEEKFREE_MT9V03X.c...
compiling SEEKFREE_IMU963RA.c...
compiling usb_phy.c...
compiling SEEKFREE_IPS114_SPI.c...
compiling usb_device_ch9.c...
compiling SEEKFREE_IPS200_PARALLEL8.c...
compiling usb_device_dci.c...
compiling usb_device_ehci.c...
compiling usb_device_class.c...
compiling usb_device_descriptor.c...
compiling usb_device_cdc_acm.c...
compiling isr.c...
compiling main.c...
compiling button.c...
compiling filter.c...
compiling elec.c...
compiling timer_pit.c...
compiling encoder.c...
compiling buzzer.c...
compiling display.c...
compiling openart_mini.c...
compiling motor.c...
compiling smotor.c...
compiling utils.c...
compiling flash_param.c...
compiling attitude_solution.c...
compiling fsl_assert.c...
compiling vofa.c...
compiling sendmsg.c...
compiling fsl_debug_console.c...
compiling MahonyAHRS.c...
compiling location.c...
compiling carmove.c...
compiling evkmimxrt1064_sdram_ini_dcd.c...
compiling evkmimxrt1064_flexspi_nor_config.c...
compiling clock.c...
compiling components.c...
compiling cpu.c...
compiling fsl_flexspi_nor_boot.c...
compiling imgproc.c...
compiling fsl_str.c...
compiling device.c...
compiling idle.c...
compiling irq.c...
compiling mem.c...
compiling signal.c...
compiling object.c...
compiling mempool.c...
compiling memheap.c...
compiling slab.c...
compiling scheduler.c...
assembling context_rvds.S...
compiling thread.c...
compiling timer.c...
compiling ipc.c...
compiling finsh_error.c...
compiling kservice.c...
compiling cpuport.c...
compiling cpu_cache.c...
compiling finsh_heap.c...
compiling finsh_init.c...
compiling finsh_node.c...
compiling finsh_compiler.c...
compiling cmd.c...
compiling finsh_ops.c...
compiling finsh_vm.c...
compiling msh_file.c...
compiling finsh_var.c...
compiling symbol.c...
compiling finsh_parser.c...
compiling msh.c...
compiling shell.c...
compiling finsh_token.c...
linking...
Program Size: Code=113144 RO-data=10704 RW-data=476 ZI-data=459380  
".\Objects\RT106X.axf" - 0 Error(s), 0 Warning(s).

<h2>Software Packages used:</h2>

Package Vendor: NXP
                https://mcuxpresso.nxp.com/cmsis_pack/repo/NXP.MIMXRT1064_DFP.13.1.0.pack
                NXP.MIMXRT1064_DFP.13.1.0
                Device Family Pack for MIMXRT1064

<h2>Collection of Component include folders:</h2>
  C:\Users\Administrator\AppData\Local\Arm\Packs\NXP\MIMXRT1064_DFP\13.1.0

<h2>Collection of Component Files used:</h2>
Build Time Elapsed:  00:00:17
</pre>
</body>
</html>
